2026-04-13 20:14:17.042 [info] update#setState idle
2026-04-13 20:14:47.049 [info] update#setState checking for updates
2026-04-13 20:14:47.170 [info] update#setState idle
2026-04-13 21:14:47.060 [info] update#setState checking for updates
2026-04-13 21:14:47.400 [info] update#setState idle
2026-04-13 22:14:47.085 [info] update#setState checking for updates
2026-04-13 22:14:47.485 [info] update#setState idle
2026-04-13 23:14:47.099 [info] update#setState checking for updates
2026-04-13 23:14:47.464 [info] update#setState idle
2026-04-14 00:14:47.114 [info] update#setState checking for updates
2026-04-14 00:14:47.391 [info] update#setState idle
2026-04-14 01:14:47.128 [info] update#setState checking for updates
2026-04-14 01:14:47.403 [info] update#setState idle
2026-04-14 02:14:47.148 [info] update#setState checking for updates
2026-04-14 02:14:47.481 [info] update#setState idle
2026-04-14 03:14:47.165 [info] update#setState checking for updates
2026-04-14 03:14:47.446 [info] update#setState idle
2026-04-14 04:14:47.179 [info] update#setState checking for updates
2026-04-14 04:14:47.673 [info] update#setState idle
2026-04-14 05:14:47.191 [info] update#setState checking for updates
2026-04-14 05:14:47.605 [info] update#setState idle
2026-04-14 06:14:47.210 [info] update#setState checking for updates
2026-04-14 06:14:47.517 [info] update#setState idle
2026-04-14 07:14:47.227 [info] update#setState checking for updates
2026-04-14 07:14:47.515 [info] update#setState idle
2026-04-14 08:14:47.238 [info] update#setState checking for updates
2026-04-14 08:14:47.624 [info] update#setState idle
2026-04-14 09:14:47.256 [info] update#setState checking for updates
2026-04-14 09:14:47.774 [info] update#setState idle
2026-04-14 09:41:24.553 [warning] No ptyHost heartbeat after 6 seconds
2026-04-14 09:41:25.138 [error] CodeWindow: renderer process gone (reason: killed, code: 9)
2026-04-14 09:41:26.855 [info] Extension host with pid 21730 exited with code: 0, signal: unknown.
