2026-04-09 22:32:28.745 [info] Started initializing default profile extensions in extensions installation folder. file:///home/nye/.vscode/extensions
2026-04-09 22:32:29.151 [warning] Failed to create default profile extensions manifest in extensions installation folder. file:///home/nye/.vscode/extensions Unable to create file 'vscode-userdata:/home/nye/.vscode/extensions/extensions.json' that already exists when overwrite flag is not set
2026-04-09 22:32:29.152 [info] Completed initializing default profile extensions in extensions installation folder. file:///home/nye/.vscode/extensions
2026-04-09 22:40:53.201 [info] Getting Manifest... ms-python.vscode-pylance
2026-04-09 22:40:53.336 [info] Installing extension: ms-python.vscode-pylance {"isMachineScoped":false,"installPreReleaseVersion":false,"pinned":false,"profileLocation":{"$mid":1,"external":"vscode-userdata:/home/nye/.vscode/extensions/extensions.json","path":"/home/nye/.vscode/extensions/extensions.json","scheme":"vscode-userdata"},"isApplicationScoped":false,"productVersion":{"version":"1.115.0","date":"2026-04-07T22:04:57Z"}}
2026-04-09 22:41:07.476 [info] Getting Manifest... ms-python.python
2026-04-09 22:41:07.637 [info] Installing extension: ms-python.python {"isMachineScoped":false,"installPreReleaseVersion":false,"pinned":false,"profileLocation":{"$mid":1,"external":"vscode-userdata:/home/nye/.vscode/extensions/extensions.json","path":"/home/nye/.vscode/extensions/extensions.json","scheme":"vscode-userdata"},"isApplicationScoped":false,"productVersion":{"version":"1.115.0","date":"2026-04-07T22:04:57Z"}}
2026-04-09 22:41:07.666 [info] Extension signature verification result for ms-python.vscode-pylance: Success. Internal Code: 0. Executed: true. Duration: 6967ms.
2026-04-09 22:41:07.946 [info] Getting Manifest... ms-python.vscode-python-envs
2026-04-09 22:41:07.989 [info] Getting Manifest... ms-python.debugpy
2026-04-09 22:41:08.028 [info] Getting Manifest... ms-python.vscode-pylance
2026-04-09 22:41:08.077 [info] Installing extension: ms-python.vscode-python-envs {"isMachineScoped":false,"installPreReleaseVersion":false,"pinned":false,"profileLocation":{"$mid":1,"external":"vscode-userdata:/home/nye/.vscode/extensions/extensions.json","path":"/home/nye/.vscode/extensions/extensions.json","scheme":"vscode-userdata"},"isApplicationScoped":false,"productVersion":{"version":"1.115.0","date":"2026-04-07T22:04:57Z"},"installGivenVersion":false,"context":{"dependecyOrPackExtensionInstall":true}}
2026-04-09 22:41:08.078 [info] Installing extension: ms-python.debugpy {"isMachineScoped":false,"installPreReleaseVersion":false,"pinned":false,"profileLocation":{"$mid":1,"external":"vscode-userdata:/home/nye/.vscode/extensions/extensions.json","path":"/home/nye/.vscode/extensions/extensions.json","scheme":"vscode-userdata"},"isApplicationScoped":false,"productVersion":{"version":"1.115.0","date":"2026-04-07T22:04:57Z"},"installGivenVersion":false,"context":{"dependecyOrPackExtensionInstall":true}}
2026-04-09 22:41:08.079 [info] Waiting for already requested installing extension ms-python.vscode-pylance ms-python.python vscode-userdata:/home/nye/.vscode/extensions/extensions.json
2026-04-09 22:41:19.215 [info] Extension signature verification result for ms-python.python: Success. Internal Code: 0. Executed: true. Duration: 5920ms.
2026-04-09 22:41:21.723 [info] Extension signature verification result for ms-python.debugpy: Success. Internal Code: 0. Executed: true. Duration: 5407ms.
2026-04-09 22:41:22.831 [info] Extension signature verification result for ms-python.vscode-python-envs: Success. Internal Code: 0. Executed: true. Duration: 5188ms.
2026-04-09 22:41:25.293 [info] Extracted extension to file:///home/nye/.vscode/extensions/ms-python.debugpy-2025.18.0-linux-x64: ms-python.debugpy
2026-04-09 22:41:25.367 [info] Renamed to /home/nye/.vscode/extensions/ms-python.debugpy-2025.18.0-linux-x64
2026-04-09 22:41:25.577 [info] Extracted extension to file:///home/nye/.vscode/extensions/ms-python.vscode-python-envs-1.26.0-linux-x64: ms-python.vscode-python-envs
2026-04-09 22:41:25.615 [info] Renamed to /home/nye/.vscode/extensions/ms-python.vscode-python-envs-1.26.0-linux-x64
2026-04-09 22:41:31.578 [info] Extracted extension to file:///home/nye/.vscode/extensions/ms-python.python-2026.4.0-linux-x64: ms-python.python
2026-04-09 22:41:32.034 [info] Renamed to /home/nye/.vscode/extensions/ms-python.python-2026.4.0-linux-x64
2026-04-09 22:41:41.015 [info] Extracted extension to file:///home/nye/.vscode/extensions/ms-python.vscode-pylance-2026.2.1: ms-python.vscode-pylance
2026-04-09 22:41:42.181 [info] Renamed to /home/nye/.vscode/extensions/ms-python.vscode-pylance-2026.2.1
2026-04-09 22:41:42.295 [info] Extension installed successfully: ms-python.vscode-pylance vscode-userdata:/home/nye/.vscode/extensions/extensions.json
2026-04-09 22:41:42.297 [info] Finished waiting for already requested installing extension ms-python.vscode-pylance ms-python.python vscode-userdata:/home/nye/.vscode/extensions/extensions.json
2026-04-09 22:41:42.299 [info] Extension installed successfully: ms-python.debugpy vscode-userdata:/home/nye/.vscode/extensions/extensions.json
2026-04-09 22:41:42.300 [info] Extension installed successfully: ms-python.vscode-python-envs vscode-userdata:/home/nye/.vscode/extensions/extensions.json
2026-04-09 22:41:42.300 [info] Extension installed successfully: ms-python.python vscode-userdata:/home/nye/.vscode/extensions/extensions.json
2026-04-09 22:41:54.136 [info] Getting Manifest... github.vscode-pull-request-github
2026-04-09 22:41:54.345 [info] Installing extension: github.vscode-pull-request-github {"isMachineScoped":false,"installPreReleaseVersion":false,"pinned":false,"profileLocation":{"$mid":1,"external":"vscode-userdata:/home/nye/.vscode/extensions/extensions.json","path":"/home/nye/.vscode/extensions/extensions.json","scheme":"vscode-userdata"},"isApplicationScoped":false,"productVersion":{"version":"1.115.0","date":"2026-04-07T22:04:57Z"}}
2026-04-09 22:41:59.803 [info] Extension signature verification result for github.vscode-pull-request-github: Success. Internal Code: 0. Executed: true. Duration: 4313ms.
2026-04-09 22:42:00.229 [info] Extracted extension to file:///home/nye/.vscode/extensions/github.vscode-pull-request-github-0.134.0: github.vscode-pull-request-github
2026-04-09 22:42:00.266 [info] Renamed to /home/nye/.vscode/extensions/github.vscode-pull-request-github-0.134.0
2026-04-09 22:42:00.382 [info] Extension installed successfully: github.vscode-pull-request-github vscode-userdata:/home/nye/.vscode/extensions/extensions.json
2026-04-09 22:43:19.280 [info] Getting Manifest... sidthesloth.html5-boilerplate
2026-04-09 22:43:19.550 [info] Installing extension: sidthesloth.html5-boilerplate {"isMachineScoped":false,"installPreReleaseVersion":false,"pinned":false,"profileLocation":{"$mid":1,"external":"vscode-userdata:/home/nye/.vscode/extensions/extensions.json","path":"/home/nye/.vscode/extensions/extensions.json","scheme":"vscode-userdata"},"isApplicationScoped":false,"productVersion":{"version":"1.115.0","date":"2026-04-07T22:04:57Z"}}
2026-04-09 22:43:27.084 [info] Extension signature verification result for sidthesloth.html5-boilerplate: Success. Internal Code: 0. Executed: true. Duration: 6218ms.
2026-04-09 22:43:27.184 [info] Extracted extension to file:///home/nye/.vscode/extensions/sidthesloth.html5-boilerplate-1.1.1: sidthesloth.html5-boilerplate
2026-04-09 22:43:27.199 [info] Renamed to /home/nye/.vscode/extensions/sidthesloth.html5-boilerplate-1.1.1
2026-04-09 22:43:27.305 [info] Extension installed successfully: sidthesloth.html5-boilerplate vscode-userdata:/home/nye/.vscode/extensions/extensions.json
2026-04-09 22:43:28.816 [info] Getting Manifest... george-alisson.html-preview-vscode
2026-04-09 22:43:29.082 [info] Installing extension: george-alisson.html-preview-vscode {"isMachineScoped":false,"installPreReleaseVersion":false,"pinned":false,"profileLocation":{"$mid":1,"external":"vscode-userdata:/home/nye/.vscode/extensions/extensions.json","path":"/home/nye/.vscode/extensions/extensions.json","scheme":"vscode-userdata"},"isApplicationScoped":false,"productVersion":{"version":"1.115.0","date":"2026-04-07T22:04:57Z"}}
2026-04-09 22:43:34.965 [info] Extension signature verification result for george-alisson.html-preview-vscode: Success. Internal Code: 0. Executed: true. Duration: 4382ms.
2026-04-09 22:43:38.381 [info] Extracted extension to file:///home/nye/.vscode/extensions/george-alisson.html-preview-vscode-0.2.5: george-alisson.html-preview-vscode
2026-04-09 22:43:38.566 [info] Renamed to /home/nye/.vscode/extensions/george-alisson.html-preview-vscode-0.2.5
2026-04-09 22:43:38.651 [info] Extension installed successfully: george-alisson.html-preview-vscode vscode-userdata:/home/nye/.vscode/extensions/extensions.json
