2026-04-13 20:14:28.136 [info] Reading sessions from keychain...
2026-04-13 20:14:28.137 [info] Getting sessions for all scopes...
2026-04-13 20:14:28.471 [info] Got 0 sessions for ...
2026-04-13 20:14:28.471 [info] Getting sessions for all scopes...
2026-04-13 20:14:28.471 [info] Got 0 sessions for ...
2026-04-13 20:14:28.888 [info] Getting sessions for all scopes...
2026-04-13 20:14:28.888 [info] Got 0 sessions for ...
2026-04-13 20:14:30.772 [info] Getting sessions for all scopes...
2026-04-13 20:14:30.772 [info] Got 0 sessions for ...
2026-04-13 20:14:30.882 [info] Getting sessions for project,read:org,read:user,repo,user:email,workflow...
2026-04-13 20:14:30.883 [info] Got 0 sessions for project,read:org,read:user,repo,user:email,workflow...
2026-04-13 20:14:31.709 [info] Getting sessions for read:user,repo,user:email,workflow...
2026-04-13 20:14:31.709 [info] Got 0 sessions for read:user,repo,user:email,workflow...
2026-04-13 20:14:31.795 [info] Getting sessions for read:user,repo,user:email...
2026-04-13 20:14:31.795 [info] Got 0 sessions for read:user,repo,user:email...
2026-04-13 20:14:32.054 [info] Getting sessions for read:user,repo,user:email,workflow...
2026-04-13 20:14:32.054 [info] Got 0 sessions for read:user,repo,user:email,workflow...
2026-04-13 20:14:34.563 [info] Getting sessions for all scopes...
2026-04-13 20:14:34.564 [info] Got 0 sessions for ...
2026-04-13 20:47:35.976 [info] Getting sessions for read:user,repo,user:email,workflow...
2026-04-13 20:47:35.977 [info] Got 0 sessions for read:user,repo,user:email,workflow...
