2026-04-09 22:32:30.822 [info] Reading sessions from keychain...
2026-04-09 22:32:30.822 [info] Getting sessions for all scopes...
2026-04-09 22:32:31.153 [info] Got 0 sessions for ...
2026-04-09 22:32:31.153 [info] Getting sessions for all scopes...
2026-04-09 22:32:31.153 [info] Got 0 sessions for ...
2026-04-09 22:32:31.154 [info] Getting sessions for all scopes...
2026-04-09 22:32:31.154 [info] Got 0 sessions for ...
2026-04-09 22:32:31.235 [info] Getting sessions for all scopes...
2026-04-09 22:32:31.235 [info] Got 0 sessions for ...
2026-04-09 22:32:31.558 [info] Getting sessions for all scopes...
2026-04-09 22:32:31.558 [info] Got 0 sessions for ...
2026-04-09 22:32:34.923 [info] Getting sessions for all scopes...
2026-04-09 22:32:34.923 [info] Got 0 sessions for ...
2026-04-09 22:42:02.580 [info] Getting sessions for project,read:org,read:user,repo,user:email,workflow...
2026-04-09 22:42:02.580 [info] Got 0 sessions for project,read:org,read:user,repo,user:email,workflow...
2026-04-09 22:42:02.589 [info] Getting sessions for read:user,repo,user:email,workflow...
2026-04-09 22:42:02.589 [info] Got 0 sessions for read:user,repo,user:email,workflow...
2026-04-09 22:42:02.597 [info] Getting sessions for read:user,repo,user:email...
2026-04-09 22:42:02.597 [info] Got 0 sessions for read:user,repo,user:email...
2026-04-09 22:42:02.602 [info] Getting sessions for read:user,repo,user:email,workflow...
2026-04-09 22:42:02.602 [info] Got 0 sessions for read:user,repo,user:email,workflow...
