2026-04-13 18:57:22.976 [info] Extension host with pid 9512 started
2026-04-13 18:57:23.622 [info] ExtensionService#_doActivateExtension vscode.github-authentication, startup: false, activationEvent: 'onAuthenticationRequest:github'
2026-04-13 18:57:23.752 [info] ExtensionService#_doActivateExtension vscode.emmet, startup: false, activationEvent: 'onLanguage'
2026-04-13 18:57:24.725 [info] ExtensionService#_doActivateExtension vscode.git-base, startup: true, activationEvent: '*', root cause: vscode.git
2026-04-13 18:57:24.846 [info] ExtensionService#_doActivateExtension vscode.git, startup: true, activationEvent: '*'
2026-04-13 18:57:25.097 [info] ExtensionService#_doActivateExtension vscode.github, startup: true, activationEvent: '*'
2026-04-13 18:57:25.839 [info] Eager extensions activated
2026-04-13 18:57:25.992 [info] ExtensionService#_doActivateExtension vscode.debug-auto-launch, startup: false, activationEvent: 'onStartupFinished'
2026-04-13 18:57:25.999 [info] ExtensionService#_doActivateExtension vscode.merge-conflict, startup: false, activationEvent: 'onStartupFinished'
2026-04-13 18:57:26.067 [info] ExtensionService#_doActivateExtension GitHub.vscode-pull-request-github, startup: false, activationEvent: 'onStartupFinished'
2026-04-13 18:57:27.476 [info] Extension host terminating: received terminate message from renderer
2026-04-13 18:57:27.569 [error] ProxyResolver#resolveProxy DIRECT Canceled: Canceled
	at new jI (file:///usr/share/code/resources/app/out/vs/workbench/api/node/extensionHostProcess.js:407:149022)
	at i._remoteCall (file:///usr/share/code/resources/app/out/vs/workbench/api/node/extensionHostProcess.js:407:155074)
	at r.<computed>.s.charCodeAt.r.<computed> (file:///usr/share/code/resources/app/out/vs/workbench/api/node/extensionHostProcess.js:407:151869)
	at ig.resolveProxy (file:///usr/share/code/resources/app/out/vs/workbench/api/node/extensionHostProcess.js:498:79863)
	at Object.resolveProxy (file:///usr/share/code/resources/app/out/vs/workbench/api/node/extensionHostProcess.js:632:26920)
	at useProxySettings (/usr/share/code/resources/app/node_modules/@vscode/proxy-agent/out/index.js:208:16)
	at /usr/share/code/resources/app/node_modules/@vscode/proxy-agent/out/index.js:145:13
	at /usr/share/code/resources/app/node_modules/@vscode/proxy-agent/out/index.js:995:13 
2026-04-13 18:57:27.668 [info] Extension host with pid 9512 exiting with code 0
